
 Start  Stop   Length Name               Class

 00000H 03D60H 03D61H _TEXT              CODE
 03D61H 03D70H 00010H MEBW_TEXT          CODE
 03D71H 05F49H 021D9H MEBM_TEXT          CODE
 05F4AH 09BCFH 03C86H MEB1_TEXT          CODE
 09BD0H 0C1B3H 025E4H MEB2_TEXT          CODE
 0C1B4H 10707H 04554H MEB3_TEXT          CODE
 10708H 13D2BH 03624H MEB4_TEXT          CODE
 13D2CH 17BC0H 03E95H MEB5_TEXT          CODE
 17BC1H 1B562H 039A2H MEB6_TEXT          CODE
 1B563H 1DC94H 02732H MEB7_TEXT          CODE
 1DCA0H 20406H 02767H EMU_PROG           CODE
 20410H 209D7H 005C8H E87_PROG           CODE
 209E0H 209E0H 00000H _FARDATA           FAR_DATA
 209E0H 209E0H 00000H _OVERLAY_          OVRINFO
 209E0H 209F1H 00012H _INIT_             INITDATA
 209F2H 209F2H 00000H _INITEND_          INITDATA
 209F2H 209F7H 00006H _EXIT_             EXITDATA
 209F8H 209F8H 00000H _EXITEND_          EXITDATA
 20A00H 20A00H 00000H _1STUB_            STUBSEG
 20A00H 20FA1H 005A2H _DATA              DATA
 20FA2H 20FA5H 00004H _CVTSEG            DATA
 20FA6H 20FB1H 0000CH _SCNSEG            DATA
 20FB2H 20FB2H 00000H MEBW_DATA          DATA
 20FB2H 21744H 00793H MEBM_DATA          DATA
 21746H 2620EH 04AC9H MEB1_DATA          DATA
 26210H 263BAH 001ABH MEB2_DATA          DATA
 263BCH 26938H 0057DH MEB3_DATA          DATA
 2693AH 26DC3H 0048AH MEB4_DATA          DATA
 26DC4H 27A22H 00C5FH MEB5_DATA          DATA
 27A24H 27FD4H 005B1H MEB6_DATA          DATA
 27FD6H 2838CH 003B7H MEB7_DATA          DATA
 2838EH 28427H 0009AH FPERR_DATA         DATA
 28428H 2844BH 00024H HUGEVAL_DATA       DATA
 2844CH 2844CH 00000H LDTRUNC_DATA       DATA
 2844CH 284CBH 00080H POW10_DATA         DATA
 284CCH 284CCH 00000H REALCVT_DATA       DATA
 284CCH 284DFH 00014H SCANTOD_DATA       DATA
 284E0H 284E0H 00000H XCVT_DATA          DATA
 284E0H 2866FH 00190H _STACK             STACK

  Address         Publics by Name

 20A0:0000       DATASEG@
 0000:01FA       DGROUP@
 1DCA:2146       E086_ENTRY
 1DCA:26D4       E086_SHORTCUT
 2041:0306       E087_ENTRY
 2041:03C6       E087_SHORTCUT
 2041:0430       E087_TRAP
 1DCA:2745       EMUVECTOREXCEPTION
 0000:FE32  Abs  FIARQQ
 0000:0E32  Abs  FICRQQ
 0000:5C32  Abs  FIDRQQ
 0000:1632  Abs  FIERQQ
 0000:0632  Abs  FISRQQ
 0000:A23D  Abs  FIWRQQ
 0000:4000  Abs  FJARQQ
 0000:C000  Abs  FJCRQQ
 0000:8000  Abs  FJSRQQ
 0000:0DE8       FTOL@
 0000:0DE8       F_FTOL@
 0000:3AC6       F_LDIV@
 0000:3AD5       F_LMOD@
 0000:3ACD       F_LUDIV@
 0000:3ADD       F_LUMOD@
 0000:3AAC       F_LXMUL@
 0000:3B74       F_PADD@
 0000:3BA3       F_PSUB@
 0000:3AC6       LDIV@
 0000:3AD5       LMOD@
 0000:3ACD       LUDIV@
 0000:3ADD       LUMOD@
 0000:3AAC       LXMUL@
 0000:3AC3       N_LDIV@
 0000:3AD2       N_LMOD@
 0000:3ACA       N_LUDIV@
 0000:3ADA       N_LUMOD@
 0000:3B71       N_PADD@
 0000:3BD1       N_PCMP@
 0000:3BA0       N_PSUB@
 0000:3B74       PADD@
 0000:3BA3       PSUB@
 0000:01E4       _ABORT
 0000:0E14       _ACCESS
 1B56:0549       _ADDBAR_MEB
 27A2:017F       _ALTBAR
 27FD:00B6       _APC
 0000:0E5C       _ATEXIT
 1070:24E3       _BAKNKSYM_MEB
 17BC:0605       _BARCHECK_MEB
 09BD:121C       _BARINST_MEB
 1070:02D5       _BARSYNC_MEB
 27A2:01BC       _BASBAR
 0C1B:4204       _BEAUABAR_MEB
 13D2:214C       _BEAUADD_MEB
 1070:014C       _BEAUASYM_MEB
 13D2:280C       _BEAUBACK_MEB
 0C1B:3D5D       _BEAUBAR_MEB
 13D2:15B9       _BEAUCSYM_MEB
 09BD:0000       _BEAUDPSET_MEB
 0C1B:2CBE       _BEAUDYMC_MEB
 09BD:0803       _BEAUEXPR_MEB
 13D2:0280       _BEAUEXP_MEB
 1B56:16C5       _BEAUFRAS_MEB
 0C1B:2F44       _BEAUGKEY_MEB
 0C1B:343C       _BEAUKEY_MEB
 1070:3449       _BEAUKORG_MEB
 1070:3174       _BEAUKSMK_MEB
 1B56:102F       _BEAUMMVC_MEB
 13D2:2375       _BEAUMOD_MEB
 1070:07F1       _BEAUMOV_MEB
 1070:04CA       _BEAUMPUT_MEB
 13D2:38AC       _BEAUMSET_MEB
 0C1B:43AE       _BEAUNBAR_MEB
 17BC:328C       _BEAUOBST_MEB
 17BC:30AF       _BEAUOBSV_MEB
 0C1B:2DE2       _BEAUPOS_MEB
 13D2:25E4       _BEAUPULA_MEB
 0C1B:2EAB       _BEAUREP_MEG
 17BC:150F       _BEAURTMV_MEB
 09BD:1352       _BEAUSPACE_MEB
 17BC:0D40       _BEAUSPVL_MEB
 1070:0008       _BEAUSYMS_MEB
 17BC:1105       _BEAUSYNT_MEB
 13D2:164F       _BEAUTEMP_MEB
 1B56:09AA       _BEAUTMVC_MEB
 1070:19E6       _BEAUTRNS_MEB
 17BC:0CBB       _BEDYMST_MEB
 1070:084A       _BEXPCOPY_MEB
 1B56:1EEB       _BFUNC_MEB
 27FD:00CC       _BPC
 13D2:3E0D       _BSYNTYP_MEB
 1070:2F63       _CHGKSYM_MEB
 1070:1B1C       _CHGNKSYM_MEB
 13D2:01F5       _CHKMFILE_MIV
 09BD:0478       _CKTRNPED_MEB
 0000:0E90       _CLOSE
 17BC:0001       _CLRNOTES_MEB
 17BC:015F       _CLRONTS_MEB
 17BC:3407       _COMPCHK_MLK
 27FD:0006       _CPC
 1B56:04D0       _DBLBAR_MEB
 1B56:0329       _DBLBCHK_MEB
 1B56:022F       _DBLBSV_MEB
 17BC:38EC       _DDDECODE_MLK
 27A2:0236       _DODBAR
 27FD:0074       _DPC
 03D6:0001       _DUMMY_W
 0C1B:0460       _DURATION_MEB
 0000:21B7       _EOF
 20A0:007D       _ERRNO
 17BC:0A5A       _EXCMIDBR_MEB
 17BC:0AB4       _EXCMIDNL_MEB
 17BC:0A00       _EXCSMPBR_MEB
 17BC:0B2D       _EXCSMPNL_MEB
 0000:0ED2       _EXIT
 13D2:1B27       _EXPTMP2_MEB
 13D2:1A2C       _EXPTMP_MEB
 0000:37EE       _FARFREE
 0000:38DE       _FARMALLOC
 0000:3A3E       _FARREALLOC
 17BC:34EF       _FBDECODE_MLK
 17BC:35BF       _FCDECODE_MLK
 0000:10AB       _FCLOSE
 17BC:3640       _FDDECODE_MLK
 0000:15A7       _FDOPEN
 0000:1161       _FFLUSH
 0000:2319       _FGETC
 0000:2404       _FGETCHAR
 0000:1238       _FGETS
 03D7:212B       _FHELP_MEB
 17BC:1C49       _FILEMAKE_H
 0000:12E7       _FLUSHALL
 13D2:3D7B       _FNUMDIN_MEB
 27FD:00E6       _FNVAL
 0000:152E       _FOPEN
 09BD:2594       _FOPEN_H
 0000:15F0       _FPRINTF
 0000:1809       _FPUTC
 0000:1972       _FPUTCHAR
 0000:1613       _FPUTS
 0000:37EE       _FREE
 0000:1567       _FREOPEN
 0000:16DD       _FSEEK
 0000:1764       _FTELL
 27A2:0142       _GCFBAR
 1B56:06D4       _GENBAR_MEB
 27FD:00A0       _GPC
 03D7:2019       _HELP_MEB
 27A2:00C8       _HIGBAR
 27FD:0032       _HPC
 1B56:2603       _INCFILE_MEB
 03D7:1911       _INITVAL_MEB
 0000:241A       _IOCTL
 0000:24A0       _ISATTY
 0000:2577       _ITOA
 0C1B:3AFB       _KEY2_MEB
 1070:1012       _KEYINIMB_MEB
 1070:119A       _KEYSETMB_MEB
 09BD:02B5       _KEYSGN_MEB
 0C1B:39DF       _KEY_MEB
 1070:189B       _KSMTSET_MEB
 09BD:0534       _LBRTOSBR_MEB
 17BC:0556       _LNSHIFT_MEB
 27A2:008B       _LOWBAR
 27FD:001C       _LPC
 20FB:0012       _LS
 0000:24B8       _LSEEK
 0000:25CC       _LTOA
 03D7:0001       _MAIN
 0C1B:0004       _MAINBAR_MEB
 0000:38D4       _MALLOC
 20FB:000E       _MB
 05F4:000A       _MBEAUTIF_MEB
 26DC:0004       _MCLINE
 27A2:004E       _MDLBAR
 09BD:1A0C       _MEBCOPY_MEB
 09BD:05F0       _MEBFCHK_MEB
 03D7:1528       _MEBMAIN
 09BD:1AE5       _MEBRGEN_MEB
 03D7:1479       _MEBRMVF_MEB
 0000:25FB       _MEMCPY
 09BD:13D9       _MGETSYM_MEB
 27A2:0029       _MIDBAR
 1070:0BEF       _MKEXPTMB_MEB
 17BC:15BD       _MKMULTIF_H
 13D2:000C       _MKSYM_MIV
 1070:14AB       _MKTRKEY_MEB
 17BC:1BB3       _MKYXFNUM_H
 20FB:0004       _MM
 0C1B:0F7C       _MODCARD_MEB
 27FD:0048       _MPC
 20FB:000A       _MV
 1B56:1CEA       _NBCHG_MEB
 1070:10D6       _NKEYINI_MEB
 17BC:0358       _NOTESHFT_MEB
 0C1B:186E       _NOTESYNC_MEB
 0C1B:19CC       _NSYNC2_MEB
 1070:12A2       _NUMDINMB_MEB
 27A2:0273       _OBARTYP
 0000:265D       _OPEN
 05F4:1FE3       _PBEAUTIF_MEB
 0C1B:0159       _PCASEBAR_MEB
 0C1B:08B7       _PCASEBEU_MEB
 0C1B:0A23       _PCASELBU_MEB
 0C1B:023A       _PCASEPER_MEB
 0C1B:07DF       _PCASERST_MEB
 0C1B:0710       _PCASESH_MEB
 0000:05A3       _POW10
 0000:17BB       _PRINTF
 2621:0017       _PRSYNDAT
 2621:0000       _PRSYNPMD
 2693:000A       _PWMID
 2693:0033       _PWSMP
 0000:2825       _READ
 0000:3A37       _REALLOC
 0000:291F       _RENAME
 1070:1333       _RENGETMB_MEB
 0C1B:16F6       _RENGET_MEB
 27FD:00E4       _RENP
 0C1B:1040       _RENSYNC_MEB
 0C1B:2774       _RESTSYNC_MEB
 27FD:005E       _RPC
 27A2:01F9       _RTMBAR
 09BD:0592       _SBRTOLBR_MEB
 2174:005B       _SCARD
 2174:4828       _SCDN
 20FB:0008       _SECNT
 2174:0036       _SECSYMT
 2174:406B       _SECTITL
 09BD:15E9       _SELFIL_MEB
 17BC:0B87       _SEQUCHG_MEB
 0000:302E       _SETBLOCK
 1B56:0003       _SETBTITL_MEB
 1B56:23C4       _SETBYPS_MEB
 0000:1BEC       _SETVBUF
 09BD:23D3       _SEXCLSUM_MEB
 1B56:0457       _SGLBAR_MEB
 1B56:03BF       _SGLBCHK_MEB
 27A2:0004       _SMPBAR
 13D2:3739       _SMPFLAME_MEB
 17BC:23A5       _SMPTAGET_MEB
 17BC:25F0       _SMPTEGET_MEB
 17BC:1D28       _SMPTESET_MEB
 17BC:2B5D       _SMPTGVAL_MEB
 17BC:276B       _SMPTSVAL_MEB
 27FD:008A       _SPC
 27FD:00E2       _SPLT
 0000:1D60       _SPRINTF
 0000:1DF2       _SSCANF
 03D7:1CA2       _STARTVAL_MEB
 0000:3051       _STRCAT
 09BD:1AA3       _STRCAT_H
 13D2:2C92       _STRCK2_MEB
 13D2:2A1F       _STRCK_MEB
 0000:3095       _STRCMP
 0000:30C8       _STRCPY
 0000:30F6       _STRLEN
 27A2:0105       _SYNBAR
 0000:1E47       _TELL
 0000:1ED5       _TMPNAM
 0000:1F30       _TOLOWER
 0000:1F69       _TOUPPER
 0000:25A8       _ULTOA
 0000:311C       _UNLINK
 0C1B:0511       _VELRATE_MEB
 0000:1D89       _VSPRINTF
 0000:1E1C       _VSSCANF
 2174:0006       _WKTRNST
 0000:1FA2       _WRITE
 0C1B:0B63       _XTRANSP_MEB
 20A0:0090       __8087
 0000:1000  Abs  __AHINCR
 0000:000C  Abs  __AHSHIFT
 20A0:0592       __ARGC
 20A0:0594       __ARGV
 20A0:00A6       __ATEXITCNT
 20A0:00A8       __ATEXITTBL
 0000:0FC8       __BRK
 20A0:0083       __BRKLVL
 20A0:0069       __C0ARGC
 20A0:006B       __C0ARGV
 20A0:006F       __C0ENVIRON
 0000:2168       __CHMOD
 0000:218C       __CLOSE
 20A0:0128       __CTYPE
 0000:0000  Abs  __CVTFAK
 20A0:00A4       __DEFAULT87
 20A0:041C       __DOSERRNO
 20A0:041E       __DOSERRORTOSV
 284E:0000       __EMU
 20A0:0073       __ENVLNG
 20A0:0075       __ENVSEG
 20A0:0077       __ENVSIZE
 0000:0109       __EXIT
 20A0:022A       __EXITBUF
 0000:00E9       __EXITCLEAN
 20A0:022E       __EXITFOPEN
 20A0:0232       __EXITOPEN
 0000:22F4       __FGETC
 20A0:03F0       __FMODE
 0000:042A       __FPERROR
 20A0:03F4       __FPSTKLEN
 0000:17E0       __FPUTC
 0000:1993       __FPUTN
 20A0:007F       __HEAPBASE
 20A0:0087       __HEAPTOP
 2842:000C       __HUGE_DBLE
 2842:0008       __HUGE_FLT
 2842:0014       __HUGE_LDBLE
 2842:001E       __INDEFINITE
 20A0:0059       __INT0VECTOR
 20A0:005D       __INT4VECTOR
 20A0:0061       __INT5VECTOR
 20A0:0065       __INT6VECTOR
 0000:244A       __IOERROR
 20A0:00A1       __LDT
 0000:04FB       __LDTRUNC
 0000:24EE       __LONGTOA
 0000:1E68       __MKNAME
 0000:01FC       __MMODEL
 0000:2316       __NFGETC
 20A0:03F2       __NOTUMASK
 0000:27C8       __OPEN
 20A0:03C8       __OPENFD
 20A0:007B       __OSMAJOR
 20A0:007C       __OSMINOR
 20A0:00A0       __PROTECTED
 20A0:0079       __PSP
 0000:28FC       __READ
 0000:3BF2       __REALCVT
 20A0:05A2       __REALCVTVECTOR
 0000:0167       __RESTOREZERO
 0000:101A       __SBRK
 0000:2943       __SCANNER
 0000:3C10       __SCANPOP
 0000:3C06       __SCANRSLT
 0000:3BFC       __SCANTOD
 20A0:05A6       __SCANTODVECTOR
 0000:2E80       __SCANTOL
 0000:0000  Abs  __SETARGV__
 0000:1B42       __SETUPIO
 20FB:0002       __STACK
 20A0:0400       __STKLEN
 20A0:0238       __STREAMS
 2842:0022       __TINY_LDBLE
 20A0:0402       __TMPNUM
 0000:0000  Abs  __TURBOCVT
 0000:8087  Abs  __TURBOFLOAT
 20A0:007B       __VERSION
 0000:3153       __VPRINTER
 0000:3620       __WRITE
 0000:0BFB       __XCVT
 0000:20E2       __XFCLOSE
 0000:2125       __XFFLUSH
 0000:36B0       ___FIRST
 0000:0367       ___FPRESET
 0000:36B2       ___LAST
 0000:36B4       ___ROVER
 20A0:03FC       ___SIGNALPTR

  Address         Publics by Value

 0000:0000  Abs  __SETARGV__
 0000:0000  Abs  __TURBOCVT
 0000:0000  Abs  __CVTFAK
 0000:000C  Abs  __AHSHIFT
 0000:0632  Abs  FISRQQ
 0000:0E32  Abs  FICRQQ
 0000:1000  Abs  __AHINCR
 0000:1632  Abs  FIERQQ
 0000:4000  Abs  FJARQQ
 0000:5C32  Abs  FIDRQQ
 0000:8000  Abs  FJSRQQ
 0000:8087  Abs  __TURBOFLOAT
 0000:A23D  Abs  FIWRQQ
 0000:C000  Abs  FJCRQQ
 0000:FE32  Abs  FIARQQ
 0000:00E9       __EXITCLEAN
 0000:0109       __EXIT
 0000:0167       __RESTOREZERO
 0000:01E4       _ABORT
 0000:01FA       DGROUP@
 0000:01FC       __MMODEL
 0000:0367       ___FPRESET
 0000:042A       __FPERROR
 0000:04FB       __LDTRUNC
 0000:05A3       _POW10
 0000:0BFB       __XCVT
 0000:0DE8       F_FTOL@
 0000:0DE8       FTOL@
 0000:0E14       _ACCESS
 0000:0E5C       _ATEXIT
 0000:0E90       _CLOSE
 0000:0ED2       _EXIT
 0000:0FC8       __BRK
 0000:101A       __SBRK
 0000:10AB       _FCLOSE
 0000:1161       _FFLUSH
 0000:1238       _FGETS
 0000:12E7       _FLUSHALL
 0000:152E       _FOPEN
 0000:1567       _FREOPEN
 0000:15A7       _FDOPEN
 0000:15F0       _FPRINTF
 0000:1613       _FPUTS
 0000:16DD       _FSEEK
 0000:1764       _FTELL
 0000:17BB       _PRINTF
 0000:17E0       __FPUTC
 0000:1809       _FPUTC
 0000:1972       _FPUTCHAR
 0000:1993       __FPUTN
 0000:1B42       __SETUPIO
 0000:1BEC       _SETVBUF
 0000:1D60       _SPRINTF
 0000:1D89       _VSPRINTF
 0000:1DF2       _SSCANF
 0000:1E1C       _VSSCANF
 0000:1E47       _TELL
 0000:1E68       __MKNAME
 0000:1ED5       _TMPNAM
 0000:1F30       _TOLOWER
 0000:1F69       _TOUPPER
 0000:1FA2       _WRITE
 0000:20E2       __XFCLOSE
 0000:2125       __XFFLUSH
 0000:2168       __CHMOD
 0000:218C       __CLOSE
 0000:21B7       _EOF
 0000:22F4       __FGETC
 0000:2316       __NFGETC
 0000:2319       _FGETC
 0000:2404       _FGETCHAR
 0000:241A       _IOCTL
 0000:244A       __IOERROR
 0000:24A0       _ISATTY
 0000:24B8       _LSEEK
 0000:24EE       __LONGTOA
 0000:2577       _ITOA
 0000:25A8       _ULTOA
 0000:25CC       _LTOA
 0000:25FB       _MEMCPY
 0000:265D       _OPEN
 0000:27C8       __OPEN
 0000:2825       _READ
 0000:28FC       __READ
 0000:291F       _RENAME
 0000:2943       __SCANNER
 0000:2E80       __SCANTOL
 0000:302E       _SETBLOCK
 0000:3051       _STRCAT
 0000:3095       _STRCMP
 0000:30C8       _STRCPY
 0000:30F6       _STRLEN
 0000:311C       _UNLINK
 0000:3153       __VPRINTER
 0000:3620       __WRITE
 0000:36B0       ___FIRST
 0000:36B2       ___LAST
 0000:36B4       ___ROVER
 0000:37EE       _FREE
 0000:37EE       _FARFREE
 0000:38D4       _MALLOC
 0000:38DE       _FARMALLOC
 0000:3A37       _REALLOC
 0000:3A3E       _FARREALLOC
 0000:3AAC       F_LXMUL@
 0000:3AAC       LXMUL@
 0000:3AC3       N_LDIV@
 0000:3AC6       F_LDIV@
 0000:3AC6       LDIV@
 0000:3ACA       N_LUDIV@
 0000:3ACD       F_LUDIV@
 0000:3ACD       LUDIV@
 0000:3AD2       N_LMOD@
 0000:3AD5       F_LMOD@
 0000:3AD5       LMOD@
 0000:3ADA       N_LUMOD@
 0000:3ADD       LUMOD@
 0000:3ADD       F_LUMOD@
 0000:3B71       N_PADD@
 0000:3B74       F_PADD@
 0000:3B74       PADD@
 0000:3BA0       N_PSUB@
 0000:3BA3       F_PSUB@
 0000:3BA3       PSUB@
 0000:3BD1       N_PCMP@
 0000:3BF2       __REALCVT
 0000:3BFC       __SCANTOD
 0000:3C06       __SCANRSLT
 0000:3C10       __SCANPOP
 03D6:0001       _DUMMY_W
 03D7:0001       _MAIN
 03D7:1479       _MEBRMVF_MEB
 03D7:1528       _MEBMAIN
 03D7:1911       _INITVAL_MEB
 03D7:1CA2       _STARTVAL_MEB
 03D7:2019       _HELP_MEB
 03D7:212B       _FHELP_MEB
 05F4:000A       _MBEAUTIF_MEB
 05F4:1FE3       _PBEAUTIF_MEB
 09BD:0000       _BEAUDPSET_MEB
 09BD:02B5       _KEYSGN_MEB
 09BD:0478       _CKTRNPED_MEB
 09BD:0534       _LBRTOSBR_MEB
 09BD:0592       _SBRTOLBR_MEB
 09BD:05F0       _MEBFCHK_MEB
 09BD:0803       _BEAUEXPR_MEB
 09BD:121C       _BARINST_MEB
 09BD:1352       _BEAUSPACE_MEB
 09BD:13D9       _MGETSYM_MEB
 09BD:15E9       _SELFIL_MEB
 09BD:1A0C       _MEBCOPY_MEB
 09BD:1AA3       _STRCAT_H
 09BD:1AE5       _MEBRGEN_MEB
 09BD:23D3       _SEXCLSUM_MEB
 09BD:2594       _FOPEN_H
 0C1B:0004       _MAINBAR_MEB
 0C1B:0159       _PCASEBAR_MEB
 0C1B:023A       _PCASEPER_MEB
 0C1B:0460       _DURATION_MEB
 0C1B:0511       _VELRATE_MEB
 0C1B:0710       _PCASESH_MEB
 0C1B:07DF       _PCASERST_MEB
 0C1B:08B7       _PCASEBEU_MEB
 0C1B:0A23       _PCASELBU_MEB
 0C1B:0B63       _XTRANSP_MEB
 0C1B:0F7C       _MODCARD_MEB
 0C1B:1040       _RENSYNC_MEB
 0C1B:16F6       _RENGET_MEB
 0C1B:186E       _NOTESYNC_MEB
 0C1B:19CC       _NSYNC2_MEB
 0C1B:2774       _RESTSYNC_MEB
 0C1B:2CBE       _BEAUDYMC_MEB
 0C1B:2DE2       _BEAUPOS_MEB
 0C1B:2EAB       _BEAUREP_MEG
 0C1B:2F44       _BEAUGKEY_MEB
 0C1B:343C       _BEAUKEY_MEB
 0C1B:39DF       _KEY_MEB
 0C1B:3AFB       _KEY2_MEB
 0C1B:3D5D       _BEAUBAR_MEB
 0C1B:4204       _BEAUABAR_MEB
 0C1B:43AE       _BEAUNBAR_MEB
 1070:0008       _BEAUSYMS_MEB
 1070:014C       _BEAUASYM_MEB
 1070:02D5       _BARSYNC_MEB
 1070:04CA       _BEAUMPUT_MEB
 1070:07F1       _BEAUMOV_MEB
 1070:084A       _BEXPCOPY_MEB
 1070:0BEF       _MKEXPTMB_MEB
 1070:1012       _KEYINIMB_MEB
 1070:10D6       _NKEYINI_MEB
 1070:119A       _KEYSETMB_MEB
 1070:12A2       _NUMDINMB_MEB
 1070:1333       _RENGETMB_MEB
 1070:14AB       _MKTRKEY_MEB
 1070:189B       _KSMTSET_MEB
 1070:19E6       _BEAUTRNS_MEB
 1070:1B1C       _CHGNKSYM_MEB
 1070:24E3       _BAKNKSYM_MEB
 1070:2F63       _CHGKSYM_MEB
 1070:3174       _BEAUKSMK_MEB
 1070:3449       _BEAUKORG_MEB
 13D2:000C       _MKSYM_MIV
 13D2:01F5       _CHKMFILE_MIV
 13D2:0280       _BEAUEXP_MEB
 13D2:15B9       _BEAUCSYM_MEB
 13D2:164F       _BEAUTEMP_MEB
 13D2:1A2C       _EXPTMP_MEB
 13D2:1B27       _EXPTMP2_MEB
 13D2:214C       _BEAUADD_MEB
 13D2:2375       _BEAUMOD_MEB
 13D2:25E4       _BEAUPULA_MEB
 13D2:280C       _BEAUBACK_MEB
 13D2:2A1F       _STRCK_MEB
 13D2:2C92       _STRCK2_MEB
 13D2:3739       _SMPFLAME_MEB
 13D2:38AC       _BEAUMSET_MEB
 13D2:3D7B       _FNUMDIN_MEB
 13D2:3E0D       _BSYNTYP_MEB
 17BC:0001       _CLRNOTES_MEB
 17BC:015F       _CLRONTS_MEB
 17BC:0358       _NOTESHFT_MEB
 17BC:0556       _LNSHIFT_MEB
 17BC:0605       _BARCHECK_MEB
 17BC:0A00       _EXCSMPBR_MEB
 17BC:0A5A       _EXCMIDBR_MEB
 17BC:0AB4       _EXCMIDNL_MEB
 17BC:0B2D       _EXCSMPNL_MEB
 17BC:0B87       _SEQUCHG_MEB
 17BC:0CBB       _BEDYMST_MEB
 17BC:0D40       _BEAUSPVL_MEB
 17BC:1105       _BEAUSYNT_MEB
 17BC:150F       _BEAURTMV_MEB
 17BC:15BD       _MKMULTIF_H
 17BC:1BB3       _MKYXFNUM_H
 17BC:1C49       _FILEMAKE_H
 17BC:1D28       _SMPTESET_MEB
 17BC:23A5       _SMPTAGET_MEB
 17BC:25F0       _SMPTEGET_MEB
 17BC:276B       _SMPTSVAL_MEB
 17BC:2B5D       _SMPTGVAL_MEB
 17BC:30AF       _BEAUOBSV_MEB
 17BC:328C       _BEAUOBST_MEB
 17BC:3407       _COMPCHK_MLK
 17BC:34EF       _FBDECODE_MLK
 17BC:35BF       _FCDECODE_MLK
 17BC:3640       _FDDECODE_MLK
 17BC:38EC       _DDDECODE_MLK
 1B56:0003       _SETBTITL_MEB
 1B56:022F       _DBLBSV_MEB
 1B56:0329       _DBLBCHK_MEB
 1B56:03BF       _SGLBCHK_MEB
 1B56:0457       _SGLBAR_MEB
 1B56:04D0       _DBLBAR_MEB
 1B56:0549       _ADDBAR_MEB
 1B56:06D4       _GENBAR_MEB
 1B56:09AA       _BEAUTMVC_MEB
 1B56:102F       _BEAUMMVC_MEB
 1B56:16C5       _BEAUFRAS_MEB
 1B56:1CEA       _NBCHG_MEB
 1B56:1EEB       _BFUNC_MEB
 1B56:23C4       _SETBYPS_MEB
 1B56:2603       _INCFILE_MEB
 1DCA:2146       E086_ENTRY
 1DCA:26D4       E086_SHORTCUT
 1DCA:2745       EMUVECTOREXCEPTION
 2041:0306       E087_ENTRY
 2041:03C6       E087_SHORTCUT
 2041:0430       E087_TRAP
 20A0:0000       DATASEG@
 20A0:0059       __INT0VECTOR
 20A0:005D       __INT4VECTOR
 20A0:0061       __INT5VECTOR
 20A0:0065       __INT6VECTOR
 20A0:0069       __C0ARGC
 20A0:006B       __C0ARGV
 20A0:006F       __C0ENVIRON
 20A0:0073       __ENVLNG
 20A0:0075       __ENVSEG
 20A0:0077       __ENVSIZE
 20A0:0079       __PSP
 20A0:007B       __OSMAJOR
 20A0:007B       __VERSION
 20A0:007C       __OSMINOR
 20A0:007D       _ERRNO
 20A0:007F       __HEAPBASE
 20A0:0083       __BRKLVL
 20A0:0087       __HEAPTOP
 20A0:0090       __8087
 20A0:00A0       __PROTECTED
 20A0:00A1       __LDT
 20A0:00A4       __DEFAULT87
 20A0:00A6       __ATEXITCNT
 20A0:00A8       __ATEXITTBL
 20A0:0128       __CTYPE
 20A0:022A       __EXITBUF
 20A0:022E       __EXITFOPEN
 20A0:0232       __EXITOPEN
 20A0:0238       __STREAMS
 20A0:03C8       __OPENFD
 20A0:03F0       __FMODE
 20A0:03F2       __NOTUMASK
 20A0:03F4       __FPSTKLEN
 20A0:03FC       ___SIGNALPTR
 20A0:0400       __STKLEN
 20A0:0402       __TMPNUM
 20A0:041C       __DOSERRNO
 20A0:041E       __DOSERRORTOSV
 20A0:0592       __ARGC
 20A0:0594       __ARGV
 20A0:05A2       __REALCVTVECTOR
 20A0:05A6       __SCANTODVECTOR
 20FB:0002       __STACK
 20FB:0004       _MM
 20FB:0008       _SECNT
 20FB:000A       _MV
 20FB:000E       _MB
 20FB:0012       _LS
 2174:0006       _WKTRNST
 2174:0036       _SECSYMT
 2174:005B       _SCARD
 2174:406B       _SECTITL
 2174:4828       _SCDN
 2621:0000       _PRSYNPMD
 2621:0017       _PRSYNDAT
 2693:000A       _PWMID
 2693:0033       _PWSMP
 26DC:0004       _MCLINE
 27A2:0004       _SMPBAR
 27A2:0029       _MIDBAR
 27A2:004E       _MDLBAR
 27A2:008B       _LOWBAR
 27A2:00C8       _HIGBAR
 27A2:0105       _SYNBAR
 27A2:0142       _GCFBAR
 27A2:017F       _ALTBAR
 27A2:01BC       _BASBAR
 27A2:01F9       _RTMBAR
 27A2:0236       _DODBAR
 27A2:0273       _OBARTYP
 27FD:0006       _CPC
 27FD:001C       _LPC
 27FD:0032       _HPC
 27FD:0048       _MPC
 27FD:005E       _RPC
 27FD:0074       _DPC
 27FD:008A       _SPC
 27FD:00A0       _GPC
 27FD:00B6       _APC
 27FD:00CC       _BPC
 27FD:00E2       _SPLT
 27FD:00E4       _RENP
 27FD:00E6       _FNVAL
 2842:0008       __HUGE_FLT
 2842:000C       __HUGE_DBLE
 2842:0014       __HUGE_LDBLE
 2842:001E       __INDEFINITE
 2842:0022       __TINY_LDBLE
 284E:0000       __EMU

Program entry point at 0000:0000

