
 Start  Stop   Length Name               Class

 00000H 03CA0H 03CA1H _TEXT              CODE
 03CA1H 05B5DH 01EBDH MEXM_TEXT          CODE
 05B5EH 07EB0H 02353H MEXW_TEXT          CODE
 07EB1H 09BADH 01CFDH MEX1_TEXT          CODE
 09BAEH 0BA5DH 01EB0H MEX2_TEXT          CODE
 0BA5EH 0DB83H 02126H MEX3_TEXT          CODE
 0DB84H 0FD67H 021E4H MEX4_TEXT          CODE
 0FD68H 116A9H 01942H MEX5_TEXT          CODE
 116AAH 12632H 00F89H MEX6_TEXT          CODE
 12640H 14DA6H 02767H EMU_PROG           CODE
 14DB0H 15377H 005C8H E87_PROG           CODE
 15378H 156F2H 0037BH BSCFRAME_TEXT      CODE
 156F3H 156F3H 00000H BSCRBUFF_TEXT      CODE
 156F3H 15749H 00057H BSCRCOLR_TEXT      CODE
 1574AH 15786H 0003DH BSCRCURS_TEXT      CODE
 15787H 15843H 000BDH BSCRDSPF_TEXT      CODE
 15844H 16063H 00820H BSCRINIT_TEXT      CODE
 16064H 160B8H 00055H BSCRTCLR_TEXT      CODE
 160B9H 16107H 0004FH BSCRTPCH_TEXT      CODE
 16108H 16154H 0004DH BSCRTPRF_TEXT      CODE
 16155H 1616EH 0001AH BSCRTX16_TEXT      CODE
 1616FH 162EDH 0017FH BSCRTXGT_TEXT      CODE
 162EEH 1639FH 000B2H BSCRTXMV_TEXT      CODE
 163A0H 1641EH 0007FH BSCRWCLR_TEXT      CODE
 1641FH 164E6H 000C8H BSCRWIND_TEXT      CODE
 164E7H 16533H 0004DH BSCRWPRF_TEXT      CODE
 16534H 16993H 00460H BSCRWPUT_TEXT      CODE
 16994H 16E9EH 0050BH BSFKEY_TEXT        CODE
 16E9FH 16F0DH 0006FH BSKNMCNV_TEXT      CODE
 16F0EH 16FDEH 000D1H BSMEMORY_TEXT      CODE
 16FE0H 16FE0H 00000H _FARDATA           FAR_DATA
 16FE0H 16FE0H 00000H _OVERLAY_          OVRINFO
 16FE0H 16FF1H 00012H _INIT_             INITDATA
 16FF2H 16FF2H 00000H _INITEND_          INITDATA
 16FF2H 16FF7H 00006H _EXIT_             EXITDATA
 16FF8H 16FF8H 00000H _EXITEND_          EXITDATA
 17000H 17000H 00000H _1STUB_            STUBSEG
 17000H 176A3H 006A4H _DATA              DATA
 176A4H 176A7H 00004H _CVTSEG            DATA
 176A8H 176ADH 00006H _SCNSEG            DATA
 176AEH 17E02H 00755H MEXM_DATA          DATA
 17E04H 19142H 0133FH MEXW_DATA          DATA
 19144H 194E3H 003A0H MEX1_DATA          DATA
 194E4H 19888H 003A5H MEX2_DATA          DATA
 1988AH 28BA6H 0F31DH MEX3_DATA          DATA
 28BA8H 29239H 00692H MEX4_DATA          DATA
 2923AH 293B9H 00180H MEX5_DATA          DATA
 293BAH 392D6H 0FF1DH MEX6_DATA          DATA
 392D8H 39371H 0009AH FPERR_DATA         DATA
 39372H 393F1H 00080H POW10_DATA         DATA
 393F2H 393F2H 00000H REALCVT_DATA       DATA
 393F2H 393F2H 00000H XCVT_DATA          DATA
 393F2H 393F5H 00004H BSCFRAME_DATA      DATA
 393F6H 395F5H 00200H BSCRBUFF_DATA      DATA
 395F6H 395F6H 00000H BSCRCOLR_DATA      DATA
 395F6H 395F7H 00002H BSCRCURS_DATA      DATA
 395F8H 395F8H 00000H BSCRDSPF_DATA      DATA
 395F8H 39627H 00030H BSCRINIT_DATA      DATA
 39628H 39628H 00000H BSCRTCLR_DATA      DATA
 39628H 39628H 00000H BSCRTPCH_DATA      DATA
 39628H 39628H 00000H BSCRTPRF_DATA      DATA
 39628H 39628H 00000H BSCRTX16_DATA      DATA
 39628H 39628H 00000H BSCRTXGT_DATA      DATA
 39628H 39628H 00000H BSCRTXMV_DATA      DATA
 39628H 39628H 00000H BSCRWCLR_DATA      DATA
 39628H 39628H 00000H BSCRWIND_DATA      DATA
 39628H 39628H 00000H BSCRWPRF_DATA      DATA
 39628H 39628H 00001H BSCRWPUT_DATA      DATA
 3962AH 39877H 0024EH BSFKEY_DATA        DATA
 39878H 39878H 00000H BSKNMCNV_DATA      DATA
 39880H 39A0FH 00190H _STACK             STACK
 39990H 39AECH 0015DH _PROG              PROG

  Address         Publics by Name

 1700:0000       DATASEG@
 0000:01FA       DGROUP@
 1264:2146       E086_ENTRY
 1264:26D4       E086_SHORTCUT
 14DB:0306       E087_ENTRY
 14DB:03C6       E087_SHORTCUT
 14DB:0430       E087_TRAP
 1264:2745       EMUVECTOREXCEPTION
 0000:FE32  Abs  FIARQQ
 0000:0E32  Abs  FICRQQ
 0000:5C32  Abs  FIDRQQ
 0000:1632  Abs  FIERQQ
 0000:0632  Abs  FISRQQ
 0000:A23D  Abs  FIWRQQ
 0000:4000  Abs  FJARQQ
 0000:C000  Abs  FJCRQQ
 0000:8000  Abs  FJSRQQ
 0000:0986       FTOL@
 0000:0986       F_FTOL@
 0000:3A06       F_LDIV@
 0000:3A15       F_LMOD@
 0000:3A0D       F_LUDIV@
 0000:3A1D       F_LUMOD@
 0000:39EC       F_LXMUL@
 0000:3AB4       F_PADD@
 0000:3AE3       F_PSUB@
 0000:3A06       LDIV@
 0000:3A15       LMOD@
 0000:3A0D       LUDIV@
 0000:3A1D       LUMOD@
 0000:39EC       LXMUL@
 0000:3A03       N_LDIV@
 0000:3A12       N_LMOD@
 0000:3A0A       N_LUDIV@
 0000:3A1A       N_LUMOD@
 0000:3AB1       N_PADD@
 0000:3B11       N_PCMP@
 0000:3AE0       N_PSUB@
 0000:3AB4       PADD@
 0000:3AE3       PSUB@
 0000:01E4       _ABORT
 0000:09B2       _ACCESS
 395F:0022       _ACT
 1584:06A7       _ACTPAGE
 1641:000F       _ACTWINDOW
 09BA:12F6       _ALLOCBUF
 07EB:15EF       _ANOTEOFF_MEX
 1988:0062       _APORT
 0000:09FA       _ATEXIT
 1988:00C4       _BARN
 0000:1CC7       _BDOS
 0BA5:20B0       _BITCHK_MEX
 194E:0026       _BOTTOM
 194E:0066       _BUFFER
 09BA:1454       _CHGTIMERT_MEX
 0DB8:10B9       _CHKACTB_MEX
 09BA:0C99       _CHKTINT
 1988:0022       _CKMEMB
 1988:0032       _CKPORT
 1988:F0F2       _CKTRAK
 194E:0042       _CLOCK
 09BA:0B52       _CLOCKSET
 0000:0A2E       _CLOSE
 163A:0000       _CLRLINE
 03CA:1E9D       _CLS_MEX
 156F:0003       _COLOR
 0BA5:20DC       _COMDUT_MEX
 0BA5:1E4F       _COMOUT_MEX
 0BA5:1A7C       _COMPCHK_MEX
 07EB:13AF       _CONTLMSG_MEX
 194E:0024       _COUNTER
 395F:0034       _CRTMODE
 1584:04F6       _CSCREEN
 07EB:04CA       _CTRLKEY
 1584:0351       _CURRENTCOLOR
 1584:03A9       _CURRENTX
 1584:03BA       _CURRENTY
 1574:000A       _CURSOR
 1574:0036       _CURSORMODE
 0BA5:2013       _DATAREAD_MEX
 0BA5:208F       _DATOUT_MEX
 194E:0020       _DCFLG
 07EB:0259       _DECDKEY
 03CA:14CC       _DEFPLAY_MEX
 1578:0061       _DISPF
 07EB:0AA7       _DOWNMDSW_MEX
 1988:0080       _DPORT
 164E:0007       _DPRINTF
 1578:0007       _DPUTF
 07EB:1C77       _DPUTF_MEX
 1699:029B       _DSPFKEY
 1584:06FE       _DSPPAGE
 1699:01FE       _DSPSKEY
 2923:000A       _DT_ALL
 03CA:1B7F       _DUMPLAY_MEX
 07EB:1887       _DUMP_MEX
 0DB8:1C5D       _E1DECODE_MEX
 0DB8:1D85       _E2DECODE_MEX
 0DB8:1E82       _E3DECODE_MEX
 1988:00D4       _EFSYNC
 09BA:16D0       _EM232TX
 09BA:1200       _EMU232C_MEX
 0000:1D2D       _EOF
 1700:007D       _ERRNO
 1988:005C       _ESUFLAME
 0DB8:136D       _ESUGENT_MEX
 0BA5:1D85       _ESUINIT_MEX
 0BA5:1FA7       _ESUREAD_MEX
 0000:0A70       _EXIT
 1988:00D0       _F1CNT
 0DB8:1F6A       _FADECODE_MEX
 0000:372E       _FARFREE
 0000:381E       _FARMALLOC
 0000:397E       _FARREALLOC
 0DB8:2051       _FBDECODE_MEX
 0DB8:20F1       _FCDECODE_MEX
 0000:0C49       _FCLOSE
 0000:1145       _FDOPEN
 0000:23BA       _FEOF
 0000:23D0       _FERROR
 0000:0CFF       _FFLUSH
 0000:1E8F       _FGETC
 0000:1F7A       _FGETCHAR
 0000:0DD6       _FGETS
 07EB:19B5       _FILEMAKE_MEX
 16F0:000E       _FILLMEMB
 16F0:0026       _FILLMEMW
 17E0:0066       _FJTB
 05B5:1066       _FLASING_MEX
 05B5:13DD       _FLASOUT_MEX
 05B5:173C       _FLCOUT_MEX
 0BA5:1503       _FLTIME_MEX
 0000:0E85       _FLUSHALL
 0000:10CC       _FOPEN
 07EB:1A94       _FOPEN_H
 176A:0014       _FPI
 194E:0044       _FPLOG
 176A:0018       _FPR
 0000:118E       _FPRINTF
 0000:1368       _FPUTC
 0000:14D1       _FPUTCHAR
 0000:372E       _FREE
 0000:1105       _FREOPEN
 1537:004F       _FRMODE
 0000:123C       _FSEEK
 0000:12C3       _FTELL
 194E:0064       _FULL
 0BA5:1CCE       _FULLMSG_MEX
 176A:0022       _FV
 0BA5:1E7E       _GENSTART_MEX
 0000:2292       _GETC
 0000:22D0       _GETCHAR
 0DB8:2188       _GETDIGIT_H
 1699:00CA       _GETFKEY
 1699:0004       _GETFUNCKEY
 0DB8:00BD       _GETMEXCG_MEX
 0DB8:0004       _GETMEXRDF_MEX
 09BA:1627       _GETSIZE
 0000:1F90       _GETVECT
 09BA:1C56       _GOTOXY
 07EB:1CDB       _GPRINTF_MEX
 05B5:1E24       _GRPHKEY
 194E:0048       _HEAD
 05B5:22CA       _HELPGKEY
 05B5:21BC       _HELPKMAP_MEX
 05B5:2238       _HELPSKEY
 07EB:1B74       _HLPREAD_MEX
 194E:008A       _IMRMOMSK
 194E:008B       _IMRSOMSK
 0DB8:11CC       _INITACTP_MEX
 3999:002D       _INT232C
 0000:1FBE       _INT86
 0000:1FF6       _INT86X
 3999:00E9       _INTIME0
 3999:008B       _INTKEY
 0000:2096       _IOCTL
 0000:211C       _ISALNUM
 0000:2153       _ISALPHA
 0000:2139       _ISASCII
 0000:23E6       _ISATTY
 0000:2170       _ISCNTRL
 0000:218D       _ISDIGIT
 0000:21AA       _ISGRAPH
 0000:21C9       _ISLOWER
 0000:21E6       _ISPRINT
 0000:2205       _ISPUNCT
 0000:2222       _ISSPACE
 1615:0005       _ISTEXT16
 0000:223F       _ISUPPER
 0000:225C       _ISXDIGIT
 0000:24BD       _ITOA
 1914:0094       _KANACD
 194E:008E       _KBUFFER
 194E:0072       _KEYDATA
 09BA:08BC       _KEYDECD
 09BA:06E3       _KEYDECD2_MEX
 05B5:207F       _KEYHELP_MEX
 09BA:17D5       _KEYIN
 194E:006A       _KEYV
 194E:006E       _KF
 194E:008C       _KFULL
 09BA:1A24       _KRETRIVE
 176A:0026       _KV
 03CA:1D2F       _KVINIT_MEX
 176A:001E       _LA
 17E0:0006       _LAGFM
 176A:0012       _LCOUNT
 07EB:0CC3       _LEFTMDSW_MEX
 293B:FDF2       _LEN
 176A:002E       _LS
 1988:001C       _LSCNT
 0000:23FE       _LSEEK
 1988:002E       _LSTIME
 0000:2512       _LTOA
 176A:002A       _LV
 293B:000A       _M
 03CA:0001       _MAIN
 0000:3814       _MALLOC
 03CA:12F6       _MCONFIG_MEX
 16E9:000F       _MCONV
 0000:2541       _MEMCPY
 03CA:1C2A       _MEXDCHK_MEX
 03CA:1D7A       _MEXHELP
 0FD6:0008       _MEXPLAY2_MEX
 116A:000A       _MEXPLAY3_MEX
 0BA5:000E       _MEXPLAY_MEX
 07EB:1745       _MIDICLR_MEX
 0BA5:10E9       _MIDIOUT_MEX
 07EB:1453       _MIDISTOP_MEX
 0DB8:1594       _MKMULTIF_H
 0DB8:1BC7       _MKYXFNUM_H
 09BA:1AAC       _MONITOR
 1988:0024       _MOUTC
 1988:0028       _MOUTF
 16F0:00C1       _MOVEMEMF
 16F0:003E       _MOVEMEMI
 05B5:1968       _MPORTSET_MEX
 0DB8:0DC5       _MPUPORT_MEX
 05B5:000E       _MQXPLAY_MEX
 1914:00DC       _MSG
 1988:00C0       _MTCFLAME
 1988:0060       _MTCLAG
 09BA:0367       _MTCOUT_NEW
 1914:0004       _NOMALCD
 1988:00F2       _NOTEF
 0DB8:12C4       _NUMDIN_MEX
 0000:25A3       _OPEN
 0DB8:04C8       _OPTIONSET_MEX
 09BA:12D2       _OUTP_MEX
 176A:000E       _PA
 09BA:064C       _PBREAK_MEX
 09BA:17F9       _PCOMKEY
 09BA:14A6       _PCOMRV
 1988:00D6       _PFSYNC
 05B5:18D1       _PITCH_MEX
 07EB:16D0       _PORTNOFF_MEX
 07EB:180D       _POSPRINT_MEX
 0000:04FB       _POW10
 0000:131A       _PRINTF
 0DB8:018A       _PRTMODE_MEX
 0000:231A       _PUTC
 0000:2362       _PUTCHAR
 1653:03F1       _PUTCHR
 1699:034C       _PUTFKEY
 0BA5:1C17       _PUTFLMSG_MEX
 0BA5:1286       _PUTMTC_MEX
 1653:0422       _PUTSTR
 0BA5:1812       _QFTIME_MEX
 09BA:157C       _QRETRIVE
 03CA:185B       _QUICKPLAY_MEX
 194E:002A       _R
 0000:276B       _READ
 0000:3977       _REALLOC
 194E:0050       _REGS
 0000:2279       _REMOVE
 09BA:1E07       _RESETVEC
 07EB:0F49       _RIGHTMDSW_MEX
 1653:00A1       _ROLLUP
 1988:002A       _ROUTC
 09BA:1665       _RS232TX
 194E:0082       _RVP
 194E:003A       _S
 3999:0000       _SAVEREG
 0000:2F50       _SEGREAD
 07EB:1322       _SEND2MSG_MEX
 1988:00CE       _SEQU
 09BA:0EDE       _SET232C
 0000:2F7A       _SETBLOCK
 1699:022A       _SETFKEY
 0BA5:0FCC       _SETMOUTF_MEX
 1699:046B       _SETSDF
 1699:0406       _SETSDFKEY
 07EB:0100       _SETUPCD
 09BA:0EA1       _SETUPVAL
 09BA:1D5A       _SETUPVEC
 0000:174B       _SETVBUF
 0000:1FA6       _SETVECT
 1914:004C       _SHIFTCD
 05B5:1C56       _SHIFTKEY
 176A:001C       _SLSF
 09BA:000E       _SMF_BREAK_MEX
 09BA:17B1       _SMF_KEYIN
 09BA:19B0       _SMF_KRETRIVE
 1988:00CC       _SMPF
 0BA5:1DE3       _SMPGEN_MEX
 1988:00C6       _SMPH
 0BA5:2111       _SMPIN_MEX
 1988:00C8       _SMPM
 1988:00CA       _SMPS
 0BA5:10B3       _SMPTEOUT_MEX
 1988:0034       _SPACE
 1988:00A0       _SPORT
 0DB8:048C       _SPORTADR_MEX
 0BA5:1B64       _SPOSMSG_MEX
 0000:18BF       _SPRINTF
 0000:1951       _SSCANF
 0000:2F9D       _STRCAT
 07EB:1B32       _STRCAT_H
 0000:2FE1       _STRCMP
 0000:3014       _STRCPY
 0000:3042       _STRLEN
 194E:004C       _SU
 1988:0020       _SWBRKF
 395F:0008       _TABWID
 194E:0060       _TAIL
 194E:0022       _TCLOCK
 0000:19A6       _TELL
 17E0:000A       _TEMPO
 07EB:0001       _TERMODE
 1616:000F       _TEXTGET
 1616:0037       _TEXTGETF
 162E:000E       _TEXTMOVE
 1616:00D1       _TEXTPUT
 1616:00F9       _TEXTPUTF
 0FD6:173E       _TIMECV_MEX
 09BA:0D4C       _TIMEINT0
 09BA:0DD1       _TIMESET
 1584:03CB       _TINIT
 07EB:11CF       _TK0MDSW_MEX
 0000:1A34       _TMPNAM
 17E0:000E       _TMPTB
 05B5:0F4E       _TMPTBSET_MEX
 0000:1A8F       _TOLOWER
 194E:0092       _TOP
 0000:1AC8       _TOUPPER
 1584:0483       _TTERM
 194E:0086       _TVP
 0000:24EE       _ULTOA
 0000:3068       _UNLINK
 07EB:088B       _UPMDSW_MEX
 0000:18E8       _VSPRINTF
 0000:197B       _VSSCANF
 0BA5:1BF4       _WAITLOOP_MEX
 07EB:1CB8       _WPRINTF_MEX
 0000:1B01       _WRITE
 07EB:05DD       _XFERMDSW_MEX
 1988:00D8       _XS
 194E:0004       _YOBTB
 1700:0090       __8087
 0000:1000  Abs  __AHINCR
 0000:000C  Abs  __AHSHIFT
 1700:0592       __ARGC
 1700:0594       __ARGV
 1700:00A6       __ATEXITCNT
 1700:00A8       __ATEXITTBL
 0000:0B66       __BRK
 1700:0083       __BRKLVL
 1700:0069       __C0ARGC
 1700:006B       __C0ARGV
 1700:006F       __C0ENVIRON
 0000:1CDE       __CHMOD
 0000:1D02       __CLOSE
 1606:0004       __CLRLINE
 1700:0128       __CTYPE
 0000:0000  Abs  __CVTFAK
 1700:00A4       __DEFAULT87
 1700:041C       __DOSERRNO
 1700:041E       __DOSERRORTOSV
 1610:0008       __DPRINTF
 3988:0000       __EMU
 1700:0073       __ENVLNG
 1700:0075       __ENVSEG
 1700:0077       __ENVSIZE
 0000:0109       __EXIT
 1700:022A       __EXITBUF
 0000:00E9       __EXITCLEAN
 1700:022E       __EXITFOPEN
 1700:0232       __EXITOPEN
 0000:1E6A       __FGETC
 1700:03F0       __FMODE
 0000:042A       __FPERROR
 1700:03F4       __FPSTKLEN
 0000:133F       __FPUTC
 0000:14F2       __FPUTN
 1537:0280       __FRBOX
 1537:0171       __FRHORZ
 1537:0061       __FRVIRT
 1699:01AD       __GETBUF1
 1700:007F       __HEAPBASE
 1700:0087       __HEAPTOP
 1700:0059       __INT0VECTOR
 1700:005D       __INT4VECTOR
 1700:0061       __INT5VECTOR
 1700:0065       __INT6VECTOR
 0000:20C6       __IOERROR
 1700:05A2       __JCTYPE
 1700:00A1       __LDT
 1584:071D       __LOCATE
 0000:2434       __LONGTOA
 0000:19C7       __MKNAME
 0000:01FC       __MMODEL
 0000:1E8C       __NFGETC
 1700:03F2       __NOTUMASK
 0000:270E       __OPEN
 1700:03C8       __OPENFD
 1700:007B       __OSMAJOR
 1700:007C       __OSMINOR
 1700:00A0       __PROTECTED
 1700:0079       __PSP
 1699:015C       __PUTBUF1
 1584:077F       __PUTCHR
 160B:0009       __PUTCHRN
 160B:0030       __PUTSPC
 1584:0796       __PUTSTR
 0000:2842       __READ
 0000:3B32       __REALCVT
 1700:06A4       __REALCVTVECTOR
 0000:0167       __RESTOREZERO
 0000:0BB8       __SBRK
 0000:2865       __SCANNER
 0000:3B50       __SCANPOP
 0000:3B46       __SCANRSLT
 0000:3B3C       __SCANTOD
 1700:06A8       __SCANTODVECTOR
 0000:2DA2       __SCANTOL
 0000:0000  Abs  __SETARGV__
 0000:16A1       __SETUPIO
 1700:0400       __STKLEN
 1700:0238       __STREAMS
 1584:07BE       __TCLS
 1700:0402       __TMPNUM
 0000:0000  Abs  __TURBOCVT
 1700:007B       __VERSION
 0000:309F       __VPRINTER
 0000:356C       __WRITE
 0000:0799       __XCVT
 0000:1C41       __XFCLOSE
 0000:1C84       __XFFLUSH
 3962:00E0       ___BUF1
 3962:0180       ___BUF2
 0000:35F0       ___FIRST
 3962:000E       ___FKEY
 0000:0367       ___FPRESET
 0000:35F2       ___LAST
 0000:35F4       ___ROVER
 1700:03FC       ___SIGNALPTR
 395F:001E       ____ACTASEG
 395F:001C       ____ACTCSEG
 393F:0006       ____FORMBUF
 395F:000C       ____HIRES
 395F:000A       ____YMAX

  Address         Publics by Value

 0000:0000  Abs  __SETARGV__
 0000:0000  Abs  __TURBOCVT
 0000:0000  Abs  __CVTFAK
 0000:000C  Abs  __AHSHIFT
 0000:0632  Abs  FISRQQ
 0000:0E32  Abs  FICRQQ
 0000:1000  Abs  __AHINCR
 0000:1632  Abs  FIERQQ
 0000:4000  Abs  FJARQQ
 0000:5C32  Abs  FIDRQQ
 0000:8000  Abs  FJSRQQ
 0000:A23D  Abs  FIWRQQ
 0000:C000  Abs  FJCRQQ
 0000:FE32  Abs  FIARQQ
 0000:00E9       __EXITCLEAN
 0000:0109       __EXIT
 0000:0167       __RESTOREZERO
 0000:01E4       _ABORT
 0000:01FA       DGROUP@
 0000:01FC       __MMODEL
 0000:0367       ___FPRESET
 0000:042A       __FPERROR
 0000:04FB       _POW10
 0000:0799       __XCVT
 0000:0986       F_FTOL@
 0000:0986       FTOL@
 0000:09B2       _ACCESS
 0000:09FA       _ATEXIT
 0000:0A2E       _CLOSE
 0000:0A70       _EXIT
 0000:0B66       __BRK
 0000:0BB8       __SBRK
 0000:0C49       _FCLOSE
 0000:0CFF       _FFLUSH
 0000:0DD6       _FGETS
 0000:0E85       _FLUSHALL
 0000:10CC       _FOPEN
 0000:1105       _FREOPEN
 0000:1145       _FDOPEN
 0000:118E       _FPRINTF
 0000:123C       _FSEEK
 0000:12C3       _FTELL
 0000:131A       _PRINTF
 0000:133F       __FPUTC
 0000:1368       _FPUTC
 0000:14D1       _FPUTCHAR
 0000:14F2       __FPUTN
 0000:16A1       __SETUPIO
 0000:174B       _SETVBUF
 0000:18BF       _SPRINTF
 0000:18E8       _VSPRINTF
 0000:1951       _SSCANF
 0000:197B       _VSSCANF
 0000:19A6       _TELL
 0000:19C7       __MKNAME
 0000:1A34       _TMPNAM
 0000:1A8F       _TOLOWER
 0000:1AC8       _TOUPPER
 0000:1B01       _WRITE
 0000:1C41       __XFCLOSE
 0000:1C84       __XFFLUSH
 0000:1CC7       _BDOS
 0000:1CDE       __CHMOD
 0000:1D02       __CLOSE
 0000:1D2D       _EOF
 0000:1E6A       __FGETC
 0000:1E8C       __NFGETC
 0000:1E8F       _FGETC
 0000:1F7A       _FGETCHAR
 0000:1F90       _GETVECT
 0000:1FA6       _SETVECT
 0000:1FBE       _INT86
 0000:1FF6       _INT86X
 0000:2096       _IOCTL
 0000:20C6       __IOERROR
 0000:211C       _ISALNUM
 0000:2139       _ISASCII
 0000:2153       _ISALPHA
 0000:2170       _ISCNTRL
 0000:218D       _ISDIGIT
 0000:21AA       _ISGRAPH
 0000:21C9       _ISLOWER
 0000:21E6       _ISPRINT
 0000:2205       _ISPUNCT
 0000:2222       _ISSPACE
 0000:223F       _ISUPPER
 0000:225C       _ISXDIGIT
 0000:2279       _REMOVE
 0000:2292       _GETC
 0000:22D0       _GETCHAR
 0000:231A       _PUTC
 0000:2362       _PUTCHAR
 0000:23BA       _FEOF
 0000:23D0       _FERROR
 0000:23E6       _ISATTY
 0000:23FE       _LSEEK
 0000:2434       __LONGTOA
 0000:24BD       _ITOA
 0000:24EE       _ULTOA
 0000:2512       _LTOA
 0000:2541       _MEMCPY
 0000:25A3       _OPEN
 0000:270E       __OPEN
 0000:276B       _READ
 0000:2842       __READ
 0000:2865       __SCANNER
 0000:2DA2       __SCANTOL
 0000:2F50       _SEGREAD
 0000:2F7A       _SETBLOCK
 0000:2F9D       _STRCAT
 0000:2FE1       _STRCMP
 0000:3014       _STRCPY
 0000:3042       _STRLEN
 0000:3068       _UNLINK
 0000:309F       __VPRINTER
 0000:356C       __WRITE
 0000:35F0       ___FIRST
 0000:35F2       ___LAST
 0000:35F4       ___ROVER
 0000:372E       _FREE
 0000:372E       _FARFREE
 0000:3814       _MALLOC
 0000:381E       _FARMALLOC
 0000:3977       _REALLOC
 0000:397E       _FARREALLOC
 0000:39EC       F_LXMUL@
 0000:39EC       LXMUL@
 0000:3A03       N_LDIV@
 0000:3A06       F_LDIV@
 0000:3A06       LDIV@
 0000:3A0A       N_LUDIV@
 0000:3A0D       F_LUDIV@
 0000:3A0D       LUDIV@
 0000:3A12       N_LMOD@
 0000:3A15       F_LMOD@
 0000:3A15       LMOD@
 0000:3A1A       N_LUMOD@
 0000:3A1D       LUMOD@
 0000:3A1D       F_LUMOD@
 0000:3AB1       N_PADD@
 0000:3AB4       F_PADD@
 0000:3AB4       PADD@
 0000:3AE0       N_PSUB@
 0000:3AE3       F_PSUB@
 0000:3AE3       PSUB@
 0000:3B11       N_PCMP@
 0000:3B32       __REALCVT
 0000:3B3C       __SCANTOD
 0000:3B46       __SCANRSLT
 0000:3B50       __SCANPOP
 03CA:0001       _MAIN
 03CA:12F6       _MCONFIG_MEX
 03CA:14CC       _DEFPLAY_MEX
 03CA:185B       _QUICKPLAY_MEX
 03CA:1B7F       _DUMPLAY_MEX
 03CA:1C2A       _MEXDCHK_MEX
 03CA:1D2F       _KVINIT_MEX
 03CA:1D7A       _MEXHELP
 03CA:1E9D       _CLS_MEX
 05B5:000E       _MQXPLAY_MEX
 05B5:0F4E       _TMPTBSET_MEX
 05B5:1066       _FLASING_MEX
 05B5:13DD       _FLASOUT_MEX
 05B5:173C       _FLCOUT_MEX
 05B5:18D1       _PITCH_MEX
 05B5:1968       _MPORTSET_MEX
 05B5:1C56       _SHIFTKEY
 05B5:1E24       _GRPHKEY
 05B5:207F       _KEYHELP_MEX
 05B5:21BC       _HELPKMAP_MEX
 05B5:2238       _HELPSKEY
 05B5:22CA       _HELPGKEY
 07EB:0001       _TERMODE
 07EB:0100       _SETUPCD
 07EB:0259       _DECDKEY
 07EB:04CA       _CTRLKEY
 07EB:05DD       _XFERMDSW_MEX
 07EB:088B       _UPMDSW_MEX
 07EB:0AA7       _DOWNMDSW_MEX
 07EB:0CC3       _LEFTMDSW_MEX
 07EB:0F49       _RIGHTMDSW_MEX
 07EB:11CF       _TK0MDSW_MEX
 07EB:1322       _SEND2MSG_MEX
 07EB:13AF       _CONTLMSG_MEX
 07EB:1453       _MIDISTOP_MEX
 07EB:15EF       _ANOTEOFF_MEX
 07EB:16D0       _PORTNOFF_MEX
 07EB:1745       _MIDICLR_MEX
 07EB:180D       _POSPRINT_MEX
 07EB:1887       _DUMP_MEX
 07EB:19B5       _FILEMAKE_MEX
 07EB:1A94       _FOPEN_H
 07EB:1B32       _STRCAT_H
 07EB:1B74       _HLPREAD_MEX
 07EB:1C77       _DPUTF_MEX
 07EB:1CB8       _WPRINTF_MEX
 07EB:1CDB       _GPRINTF_MEX
 09BA:000E       _SMF_BREAK_MEX
 09BA:0367       _MTCOUT_NEW
 09BA:064C       _PBREAK_MEX
 09BA:06E3       _KEYDECD2_MEX
 09BA:08BC       _KEYDECD
 09BA:0B52       _CLOCKSET
 09BA:0C99       _CHKTINT
 09BA:0D4C       _TIMEINT0
 09BA:0DD1       _TIMESET
 09BA:0EA1       _SETUPVAL
 09BA:0EDE       _SET232C
 09BA:1200       _EMU232C_MEX
 09BA:12D2       _OUTP_MEX
 09BA:12F6       _ALLOCBUF
 09BA:1454       _CHGTIMERT_MEX
 09BA:14A6       _PCOMRV
 09BA:157C       _QRETRIVE
 09BA:1627       _GETSIZE
 09BA:1665       _RS232TX
 09BA:16D0       _EM232TX
 09BA:17B1       _SMF_KEYIN
 09BA:17D5       _KEYIN
 09BA:17F9       _PCOMKEY
 09BA:19B0       _SMF_KRETRIVE
 09BA:1A24       _KRETRIVE
 09BA:1AAC       _MONITOR
 09BA:1C56       _GOTOXY
 09BA:1D5A       _SETUPVEC
 09BA:1E07       _RESETVEC
 0BA5:000E       _MEXPLAY_MEX
 0BA5:0FCC       _SETMOUTF_MEX
 0BA5:10B3       _SMPTEOUT_MEX
 0BA5:10E9       _MIDIOUT_MEX
 0BA5:1286       _PUTMTC_MEX
 0BA5:1503       _FLTIME_MEX
 0BA5:1812       _QFTIME_MEX
 0BA5:1A7C       _COMPCHK_MEX
 0BA5:1B64       _SPOSMSG_MEX
 0BA5:1BF4       _WAITLOOP_MEX
 0BA5:1C17       _PUTFLMSG_MEX
 0BA5:1CCE       _FULLMSG_MEX
 0BA5:1D85       _ESUINIT_MEX
 0BA5:1DE3       _SMPGEN_MEX
 0BA5:1E4F       _COMOUT_MEX
 0BA5:1E7E       _GENSTART_MEX
 0BA5:1FA7       _ESUREAD_MEX
 0BA5:2013       _DATAREAD_MEX
 0BA5:208F       _DATOUT_MEX
 0BA5:20B0       _BITCHK_MEX
 0BA5:20DC       _COMDUT_MEX
 0BA5:2111       _SMPIN_MEX
 0DB8:0004       _GETMEXRDF_MEX
 0DB8:00BD       _GETMEXCG_MEX
 0DB8:018A       _PRTMODE_MEX
 0DB8:048C       _SPORTADR_MEX
 0DB8:04C8       _OPTIONSET_MEX
 0DB8:0DC5       _MPUPORT_MEX
 0DB8:10B9       _CHKACTB_MEX
 0DB8:11CC       _INITACTP_MEX
 0DB8:12C4       _NUMDIN_MEX
 0DB8:136D       _ESUGENT_MEX
 0DB8:1594       _MKMULTIF_H
 0DB8:1BC7       _MKYXFNUM_H
 0DB8:1C5D       _E1DECODE_MEX
 0DB8:1D85       _E2DECODE_MEX
 0DB8:1E82       _E3DECODE_MEX
 0DB8:1F6A       _FADECODE_MEX
 0DB8:2051       _FBDECODE_MEX
 0DB8:20F1       _FCDECODE_MEX
 0DB8:2188       _GETDIGIT_H
 0FD6:0008       _MEXPLAY2_MEX
 0FD6:173E       _TIMECV_MEX
 116A:000A       _MEXPLAY3_MEX
 1264:2146       E086_ENTRY
 1264:26D4       E086_SHORTCUT
 1264:2745       EMUVECTOREXCEPTION
 14DB:0306       E087_ENTRY
 14DB:03C6       E087_SHORTCUT
 14DB:0430       E087_TRAP
 1537:004F       _FRMODE
 1537:0061       __FRVIRT
 1537:0171       __FRHORZ
 1537:0280       __FRBOX
 156F:0003       _COLOR
 1574:000A       _CURSOR
 1574:0036       _CURSORMODE
 1578:0007       _DPUTF
 1578:0061       _DISPF
 1584:0351       _CURRENTCOLOR
 1584:03A9       _CURRENTX
 1584:03BA       _CURRENTY
 1584:03CB       _TINIT
 1584:0483       _TTERM
 1584:04F6       _CSCREEN
 1584:06A7       _ACTPAGE
 1584:06FE       _DSPPAGE
 1584:071D       __LOCATE
 1584:077F       __PUTCHR
 1584:0796       __PUTSTR
 1584:07BE       __TCLS
 1606:0004       __CLRLINE
 160B:0009       __PUTCHRN
 160B:0030       __PUTSPC
 1610:0008       __DPRINTF
 1615:0005       _ISTEXT16
 1616:000F       _TEXTGET
 1616:0037       _TEXTGETF
 1616:00D1       _TEXTPUT
 1616:00F9       _TEXTPUTF
 162E:000E       _TEXTMOVE
 163A:0000       _CLRLINE
 1641:000F       _ACTWINDOW
 164E:0007       _DPRINTF
 1653:00A1       _ROLLUP
 1653:03F1       _PUTCHR
 1653:0422       _PUTSTR
 1699:0004       _GETFUNCKEY
 1699:00CA       _GETFKEY
 1699:015C       __PUTBUF1
 1699:01AD       __GETBUF1
 1699:01FE       _DSPSKEY
 1699:022A       _SETFKEY
 1699:029B       _DSPFKEY
 1699:034C       _PUTFKEY
 1699:0406       _SETSDFKEY
 1699:046B       _SETSDF
 16E9:000F       _MCONV
 16F0:000E       _FILLMEMB
 16F0:0026       _FILLMEMW
 16F0:003E       _MOVEMEMI
 16F0:00C1       _MOVEMEMF
 1700:0000       DATASEG@
 1700:0059       __INT0VECTOR
 1700:005D       __INT4VECTOR
 1700:0061       __INT5VECTOR
 1700:0065       __INT6VECTOR
 1700:0069       __C0ARGC
 1700:006B       __C0ARGV
 1700:006F       __C0ENVIRON
 1700:0073       __ENVLNG
 1700:0075       __ENVSEG
 1700:0077       __ENVSIZE
 1700:0079       __PSP
 1700:007B       __OSMAJOR
 1700:007B       __VERSION
 1700:007C       __OSMINOR
 1700:007D       _ERRNO
 1700:007F       __HEAPBASE
 1700:0083       __BRKLVL
 1700:0087       __HEAPTOP
 1700:0090       __8087
 1700:00A0       __PROTECTED
 1700:00A1       __LDT
 1700:00A4       __DEFAULT87
 1700:00A6       __ATEXITCNT
 1700:00A8       __ATEXITTBL
 1700:0128       __CTYPE
 1700:022A       __EXITBUF
 1700:022E       __EXITFOPEN
 1700:0232       __EXITOPEN
 1700:0238       __STREAMS
 1700:03C8       __OPENFD
 1700:03F0       __FMODE
 1700:03F2       __NOTUMASK
 1700:03F4       __FPSTKLEN
 1700:03FC       ___SIGNALPTR
 1700:0400       __STKLEN
 1700:0402       __TMPNUM
 1700:041C       __DOSERRNO
 1700:041E       __DOSERRORTOSV
 1700:0592       __ARGC
 1700:0594       __ARGV
 1700:05A2       __JCTYPE
 1700:06A4       __REALCVTVECTOR
 1700:06A8       __SCANTODVECTOR
 176A:000E       _PA
 176A:0012       _LCOUNT
 176A:0014       _FPI
 176A:0018       _FPR
 176A:001C       _SLSF
 176A:001E       _LA
 176A:0022       _FV
 176A:0026       _KV
 176A:002A       _LV
 176A:002E       _LS
 17E0:0006       _LAGFM
 17E0:000A       _TEMPO
 17E0:000E       _TMPTB
 17E0:0066       _FJTB
 1914:0004       _NOMALCD
 1914:004C       _SHIFTCD
 1914:0094       _KANACD
 1914:00DC       _MSG
 194E:0004       _YOBTB
 194E:0020       _DCFLG
 194E:0022       _TCLOCK
 194E:0024       _COUNTER
 194E:0026       _BOTTOM
 194E:002A       _R
 194E:003A       _S
 194E:0042       _CLOCK
 194E:0044       _FPLOG
 194E:0048       _HEAD
 194E:004C       _SU
 194E:0050       _REGS
 194E:0060       _TAIL
 194E:0064       _FULL
 194E:0066       _BUFFER
 194E:006A       _KEYV
 194E:006E       _KF
 194E:0072       _KEYDATA
 194E:0082       _RVP
 194E:0086       _TVP
 194E:008A       _IMRMOMSK
 194E:008B       _IMRSOMSK
 194E:008C       _KFULL
 194E:008E       _KBUFFER
 194E:0092       _TOP
 1988:001C       _LSCNT
 1988:0020       _SWBRKF
 1988:0022       _CKMEMB
 1988:0024       _MOUTC
 1988:0028       _MOUTF
 1988:002A       _ROUTC
 1988:002E       _LSTIME
 1988:0032       _CKPORT
 1988:0034       _SPACE
 1988:005C       _ESUFLAME
 1988:0060       _MTCLAG
 1988:0062       _APORT
 1988:0080       _DPORT
 1988:00A0       _SPORT
 1988:00C0       _MTCFLAME
 1988:00C4       _BARN
 1988:00C6       _SMPH
 1988:00C8       _SMPM
 1988:00CA       _SMPS
 1988:00CC       _SMPF
 1988:00CE       _SEQU
 1988:00D0       _F1CNT
 1988:00D4       _EFSYNC
 1988:00D6       _PFSYNC
 1988:00D8       _XS
 1988:00F2       _NOTEF
 1988:F0F2       _CKTRAK
 2923:000A       _DT_ALL
 293B:000A       _M
 293B:FDF2       _LEN
 393F:0006       ____FORMBUF
 395F:0008       _TABWID
 395F:000A       ____YMAX
 395F:000C       ____HIRES
 395F:001C       ____ACTCSEG
 395F:001E       ____ACTASEG
 395F:0022       _ACT
 395F:0034       _CRTMODE
 3962:000E       ___FKEY
 3962:00E0       ___BUF1
 3962:0180       ___BUF2
 3988:0000       __EMU
 3999:0000       _SAVEREG
 3999:002D       _INT232C
 3999:008B       _INTKEY
 3999:00E9       _INTIME0

Program entry point at 0000:0000

